MESA: info: virtgpu backend not enabling VIRTGPU_KUMQUAT_PARAM_CREATE_GUEST_HANDLE
[guest] vkEnumerateInstanceVersion=0 api=1.4.0
[stage] vkCreateInstance
[gpu] Virtio-GPU GFXStream (Mali-G78) api=1.4.0
[guest] external memory: core=extension fd=yes dma-buf=yes
[stage] vkCreateDevice
[probe] UDROID_GFXSTREAM_WSI_SCANOUT=1: WSI scanout + linear DRM modifier + external DMA-BUF
[ring] size=1; release fences are waited only when their slot is reused
[foreign] UDROID_GFXSTREAM_FOREIGN_OWNERSHIP=1: one-shot frames=1 release=graphics->FOREIGN layout=GENERAL hold_env=set
[stage] vkCreateImage(external DMA-BUF)
[stage] vkAllocateMemory(export DMA-BUF)
KUMQUAT_GUEST host-allocation-send resource=4 allocationSize=3686400
KUMQUAT_GUEST host-allocation-return result=0
[stage] vkBindImageMemory
[ring] allocated slot=0
[stage] render and present loop
[foreign] frame=1 release barrier TRANSFER_DST_OPTIMAL->GENERAL queue=0->FOREIGN
[foreign] presented one-shot frame=1 slot=0 release_fd=7
[timing] frames=1 sleep_us=0 wall_fps=179.94 active_ms mean=5.539 p50=5.539 p95=5.539 foreign=1
[hold] keeping the final frame alive for 15 seconds
[one-shot] waiting release fence before destroy foreign=1
[one-shot] retiring slot after release fence wait foreign=1
[pass] one-shot foreign ownership frame presented
