[mode] writer=shm-like-xrgb-texture frames=1 serialized=1 UDROID_GBM_PROBE_DRAW=1 UDROID_GBM_PROBE_FRAMES=1 UDROID_GBM_PROBE_TEXTURE=1
[stage] dlopen libgbm.so.1
[stage] dlopen libEGL.so.1 and libGLESv2.so.2
[stage] connect GBM Kumquat transport
[stage] gbm_create_device
gfxstream-gbm: transport type=5 peer_uid=10337 kernel_uid=10337 valid=1
MESA: info: virtgpu backend not enabling VIRTGPU_KUMQUAT_PARAM_CREATE_GUEST_HANDLE
gfxstream-gbm: Vulkan allocator initialized
[gbm] backend=gfxstream socket_fd=3
[stage] gbm_bo_create 720x720 XBGR8888 linear rendering
KUMQUAT_GUEST host-allocation-send resource=4 allocationSize=2073600
KUMQUAT_GUEST host-allocation-return result=0
[descriptor] format=0x34324258 extent=720x720 planes=1 stride=2880 offset=0 modifier=0x0 fd=8 size=2109440
[stage] presenter ABI check
[presenter] abi=2 required=2 icd=/opt/udroid-diag/sync-export-20260906/gfxstream/lib/libvulkan_gfxstream.so
[stage] udroid_gfxstream_presenter_create
[stage] eglGetPlatformDisplayEXT direct surfaceless
[stage] eglInitialize direct surfaceless display
WARNING: Some incorrect rendering might occur because the selected Vulkan device (Virtio-GPU GFXStream (Mali-G78)) doesn't support base Zink requirements: feats.features.fillModeNonSolid feats.features.shaderClipDistance 
[stage] eglCreateContext and eglMakeCurrent surfaceless
[egl] version=1.5 renderer=zink Vulkan 1.4(Virtio-GPU GFXStream (Mali-G78) (Driver Unknown))
[texture-ext] GL_EXT_texture_format_BGRA8888=1 GL_EXT_unpack_subimage=1
[stage] eglCreateImageKHR from authoritative GBM descriptor
MESA: info: udroid Zink ownership-trace from_handle_begin seq=1 threadToken=0x7f01237878 pscreen=0x3000069670 templ=0x7fd50bf830 target=2 format=198 bind=0xa flags=0x0 width=720 height=720 usage=0x2 whandle=0x7fd50bf920 type=2 handle=8 stride=2880 offset=0 format=198 modifier=0x0 plane=0
KUMQUAT_GUEST ffi-import-call fd=11 size=2073600
KUMQUAT_GUEST import-send context=1 720x720 fourcc=0x34324241
KUMQUAT_GUEST import-await-response
KUMQUAT_GUEST import-response-count=1
KUMQUAT_GUEST import-response resource=4 handle_type=0x2
KUMQUAT_GUEST import-complete bo=4 resource=4
KUMQUAT_GUEST ffi-import-return result=0 bo=4 resource=4
KUMQUAT_GUEST host-allocation-send resource=4 allocationSize=0
KUMQUAT_GUEST host-allocation-return result=0
MESA: info: udroid Zink ownership-trace from_handle_result seq=2 threadToken=0x7f01237878 pscreen=0x3000069670 pres=0x30001dd5c0 res=0x30001dd5c0 obj=0x30001dd7d0 image=0x30001d73b0 bo=0x30001ddbd0 queue=FOREIGN(4294967293) gfxQueue=0 layout=PREINITIALIZED exportable=1 dt=(nil) dt_idx=4294967295 dmabuf=1 linear=0 swapchain=0 modifier=0x0 modifier_count=1 created=1
[stage] Weston-parity EGLImage renderbuffer attachment
[egl] framebuffer_status=0x8cd5 expected=0x8cd5
[stage] udroid_gfxstream_presenter_import after writer alias creation
KUMQUAT_GUEST ffi-import-call fd=13 size=2109440
KUMQUAT_GUEST import-send context=1 720x720 fourcc=0x34324241
KUMQUAT_GUEST import-await-response
KUMQUAT_GUEST import-response-count=1
KUMQUAT_GUEST import-response resource=4 handle_type=0x2
KUMQUAT_GUEST import-complete bo=5 resource=4
KUMQUAT_GUEST ffi-import-return result=0 bo=5 resource=4
KUMQUAT_GUEST host-allocation-send resource=4 allocationSize=2109440
KUMQUAT_GUEST host-allocation-return result=0
[ownership] writer_alias_created=1 presenter_imported=1 gpu_writer_used=0 descriptor_fd=8
[stage] compile/link ES2 RGBX texture-sampling shaders
[shader] label=vertex handle=1 compile_status=1 info_length=0 info_written=0 info=(empty)
[shader] label=fragment handle=2 compile_status=1 info_length=0 info_written=0 info=(empty)
[program] handle=3 link_status=1 info_length=0 info_written=0 info=(empty)
[program] active_uniform=u_texture location=0
[draw-setup] program=3 vbo=1 gl_error=0x0
[stage] Weston-parity full XRGB8888 SHM texture upload
[texture-upload] texture=1 source=XRGB8888 sample=RGBX-forced-opaque dimensions=257x193 pitch=1028 row_length_pixels=257 internal=GL_BGRA_EXT external=GL_BGRA_EXT type=GL_UNSIGNED_BYTE pattern=bottom-blue/middle-green/top-red+asymmetric-checkers x_bytes=00/a5-ignored pixelstore_restored=1 gl_error=0x0
[reuse] frames=1 bo=0x3000054120 egl_image=0x30001ddba0 renderbuffer=1 framebuffer=1 presenter_buffer=0x30001ddc60 program=3 vbo=1 texture=1 allocation_count=1 egl_import_count=1 presenter_import_count=1
[texture-sample] frame=0 texture=1 sampler_location=0 unit=0 output_alpha=1 gl_error=0x0
[frame] sequence=0/1 writer=xrgb-texture-sample phase=0.000000 viewport=720x720 gl_error=0x0
[frame] sequence=0/1 stage=native-fence-create-flush-dup
MESA: info: udroid Zink ownership-trace image_barrier_exec seq=1 threadToken=0x7f012378d0 res=0x30001dd5c0 obj=0x30001dd7d0 image=0x30001d73b0 bo=0x30001ddbd0 batch=0x30001148f0 batch_id=0 cmdbuf=0x3000126640 api=sync2 unsync=0 oldLayout=VK_IMAGE_LAYOUT_PREINITIALIZED newLayout=VK_IMAGE_LAYOUT_COLOR_ATTACHMENT_OPTIMAL oldQueue=FOREIGN(4294967293) afterEmitQueue=IGNORED(4294967295) gfxQueue=0 queue_import=1 completed=0 usage_matches=1 exportable=1 dt=(nil) dt_idx=4294967295 flags=0x180 pipeline=0x400
MESA: info: udroid Zink ownership-trace image_barrier_tracking seq=2 threadToken=0x7f012378d0 res=0x30001dd5c0 obj=0x30001dd7d0 image=0x30001d73b0 bo=0x30001ddbd0 batch=0x30001148f0 batch_id=0 layout=VK_IMAGE_LAYOUT_COLOR_ATTACHMENT_OPTIMAL queue=IGNORED(4294967295) exportable=1 dt=(nil) dt_idx=4294967295 dt_layout_updated=0 dmabuf_exports_checked=1 found=0 inserted=1 queue_import=1
MESA: info: udroid Zink ownership-trace barrier2_dispatch site=zink_screen_export_dmabuf_semaphore threadToken=0x7f01237879 screen=0x3000069670 dev=0x30000884e0 tableCmdPipelineBarrier2=0x7eff79fbc0 rawCore=0x7eff79fbc0 rawKHR=0x7eff79fbc0 tableNull=0 rawCoreNull=0 rawKHRNull=0 tableEqCore=1 tableEqKHR=1 rawCoreSelected=1 haveKHRSynchronization2=1
MESA: info: udroid Zink ownership-trace export_dmabuf_sem_begin seq=1 threadToken=0x7f01237879 screen=0x3000069670 res=0x30001dd5c0 obj=0x30001dd7d0 image=0x30001d73b0 bo=0x30001ddbd0 layout=COLOR_ATTACHMENT_OPTIMAL queue=IGNORED(4294967295) gfxQueue=0 exportable=1 dt=(nil) dt_idx=4294967295 is_aux=0
MESA: info: udroid Zink ownership-trace export_dmabuf_sem_result seq=2 threadToken=0x7f01237879 screen=0x3000069670 res=0x30001dd5c0 obj=0x30001dd7d0 image=0x30001d73b0 bo=0x30001ddbd0 layout=COLOR_ATTACHMENT_OPTIMAL queue=IGNORED(4294967295) fd=16 exportedSyncFd=17 sem=0x3000a61ea0 importSemaphoreSuccess=1
MESA: info: udroid Zink ownership-trace image_barrier_queue_import_sem seq=3 threadToken=0x7f012378d0 res=0x30001dd5c0 child=0x30001dd5c0 obj=0x30001dd7d0 image=0x30001d73b0 bo=0x30001ddbd0 batch=0x30001148f0 batch_id=0 sem=0x3000a61ea0 appended=1
MESA: info: udroid Zink ownership-trace barrier2_dispatch site=zink_end_batch_dmabuf_release threadToken=0x7f012378d1 screen=0x3000069670 dev=0x30000884e0 tableCmdPipelineBarrier2=0x7eff79fbc0 rawCore=0x7eff79fbc0 rawKHR=0x7eff79fbc0 tableNull=0 rawCoreNull=0 rawKHRNull=0 tableEqCore=1 tableEqKHR=1 rawCoreSelected=1 haveKHRSynchronization2=1
MESA: info: udroid Zink ownership-trace release_barrier seq=1 threadToken=0x7f012378d1 screen=0x3000069670 bs=0x30001148f0 batch_id=0 api=sync2 tableCmdPipelineBarrier2NonNull=1 res=0x30001dd5c0 obj=0x30001dd7d0 image=0x30001d73b0 bo=0x30001ddbd0 oldLayout=COLOR_ATTACHMENT_OPTIMAL newLayout=COLOR_ATTACHMENT_OPTIMAL oldQueue=IGNORED(4294967295) srcQueue=gfx(0) dstQueue=FOREIGN(4294967293) exportable=1 dt=(nil) dt_idx=4294967295
MESA: info: udroid Zink ownership-trace release_signal_sem seq=2 threadToken=0x7f012378d1 screen=0x3000069670 bs=0x30001148f0 batch_id=0 res=0x30001dd5c0 obj=0x30001dd7d0 image=0x30001d73b0 bo=0x30001ddbd0 layout=COLOR_ATTACHMENT_OPTIMAL queue=FOREIGN(4294967293) sem=0x3000a835c0 appended=1
MESA: info: udroid Zink ownership-trace submit_pre seq=3 threadToken=0x7eff57ba11 screen=0x3000069670 queue=0x30000659f0 bs=0x30001148f0 batch_id=1 numSubmitInfos=3 acquireWaits=0 fdWaits=1 cmdBuffers=2 signals=2 dmabufExports=1 hasWork=1 hasReordered=1 hasUnsync=0
MESA: info: udroid Zink ownership-trace submit_post seq=4 threadToken=0x7eff57ba11 screen=0x3000069670 queue=0x30000659f0 bs=0x30001148f0 batch_id=1 result=VK_SUCCESS dmabufExports=1 signalSemaphores=1 fdWaitSemaphores=1
MESA: info: udroid Zink ownership-trace import_dmabuf_sem_begin seq=3 threadToken=0x7eff57b9b9 screen=0x3000069670 res=0x30001dd5c0 obj=0x30001dd7d0 image=0x30001d73b0 bo=0x30001ddbd0 layout=COLOR_ATTACHMENT_OPTIMAL queue=FOREIGN(4294967293) gfxQueue=0 exportable=1 dt=(nil) dt_idx=4294967295 sem=0x3000a835c0
MESA: info: udroid Zink ownership-trace import_dmabuf_sem_getfd seq=4 threadToken=0x7eff57b9b9 screen=0x3000069670 res=0x30001dd5c0 sem=0x3000a835c0 result=VK_SUCCESS syncFileFd=17
MESA: info: udroid Zink ownership-trace import_dmabuf_sem_fd seq=5 threadToken=0x7eff57b9b9 screen=0x3000069670 res=0x30001dd5c0 sem=0x3000a835c0 syncFileFd=17 dmaBufFd=18 acquireSucceeded=1 isAux=0
MESA: info: udroid Zink ownership-trace import_dmabuf_sem_ioctl seq=6 threadToken=0x7eff57b9b9 screen=0x3000069670 res=0x30001dd5c0 sem=0x3000a835c0 syncFileFd=17 dmaBufFd=18 ioctlRet=0 errno=0 failed=0
MESA: info: udroid Zink ownership-trace submit_import_dmabuf_sync seq=5 threadToken=0x7eff57ba11 screen=0x3000069670 bs=0x30001148f0 batch_id=1 res=0x30001dd5c0 obj=0x30001dd7d0 image=0x30001d73b0 bo=0x30001ddbd0 layout=COLOR_ATTACHMENT_OPTIMAL queue=FOREIGN(4294967293) sem=0x3000a835c0 importOk=0
[fence] frame=0 acquire_fd=18 sequence=create-sync,glFlush,dup-fd,destroy-sync
[present] frame=0 result=0 errno=0 acquire_consumed=18 presentation_fd=17 release_fd=18
[stage] presentation fence
[fence] name=presentation fence fd=17 poll=1 revents=0x1 errno=0
[hold] keeping final frame alive 15 seconds
[stage] release fence
[fence] name=release fence fd=18 poll=1 revents=0x1 errno=0
[timing] frame=0/1 serialized=1 diagnostic_not_fps=1 draw_ns=253377 native_fence_ns=56456991 present_ns=229980 presentation_wait_ns=4665446 release_wait_ns=732340
[timing-total] frames=1 serialized=1 diagnostic_not_fps=1 hold_excluded=1 draw_ns=253377 native_fence_ns=56456991 present_ns=229980 presentation_wait_ns=4665446 release_wait_ns=732340
[pass] GBM/EGL 1 shm-like-xrgb-texture frame(s) presented backend=gfxstream renderer=zink Vulkan 1.4(Virtio-GPU GFXStream (Mali-G78) (Driver Unknown)) ownership=EGL-writer->external-presenter
