MESA: info: virtgpu backend not enabling VIRTGPU_KUMQUAT_PARAM_CREATE_GUEST_HANDLE
[guest] vkEnumerateInstanceVersion=0 api=1.4.0
[stage] vkCreateInstance
[gpu] Virtio-GPU GFXStream (Mali-G78) api=1.4.0
[guest] external memory: core=extension fd=yes dma-buf=yes
[stage] vkCreateDevice
[one-shot-release-api] selected=core2 command=vkCmdPipelineBarrier2 requested_api=1.3 instance_api=1.4.0 physical_api=1.4.0 VK_KHR_synchronization2=enabled synchronization2=enabled
[probe] UDROID_GFXSTREAM_WSI_SCANOUT=1: WSI scanout + linear DRM modifier + external DMA-BUF
[ring] size=1; release fences are waited only when their slot is reused
[one-shot] one-shot frames=1 release_mode=ownership final_layout=TRANSFER_DST_OPTIMAL ownership=1 hold_env=set
[stage] vkCreateImage(external DMA-BUF)
[one-shot-alias-query] phase=pre-allocate call=vkGetImageMemoryRequirements entry image=0x300003e140
[one-shot-alias-query] phase=pre-allocate image=0x300003e140 call=vkGetImageMemoryRequirements result  requirements.size=0 requirements.alignment=0 requirements.typeBits=0x2
[stage] vkAllocateMemory(export DMA-BUF)
KUMQUAT_GUEST host-allocation-send resource=4 allocationSize=3686400
KUMQUAT_GUEST host-allocation-return result=0
[one-shot-alias-query] phase=pre-bind call=vkGetImageMemoryRequirements entry image=0x300003e140
[one-shot-alias-query] phase=pre-bind image=0x300003e140 call=vkGetImageMemoryRequirements result  requirements.size=0 requirements.alignment=0 requirements.typeBits=0x2
[stage] vkBindImageMemory
[one-shot-alias-query] phase=after-bind call=vkGetImageMemoryRequirements entry image=0x300003e140
[one-shot-alias-query] phase=after-bind image=0x300003e140 call=vkGetImageMemoryRequirements result  requirements.size=0 requirements.alignment=0 requirements.typeBits=0x2
[one-shot-alias-query] phase=after-bind call=vkGetImageSubresourceLayout aspect=MEMORY_PLANE_0_BIT_EXT entry image=0x300003e140
[one-shot-alias-query] phase=after-bind call=vkGetImageSubresourceLayout aspect=MEMORY_PLANE_0_BIT_EXT result offset=0 size=0 rowPitch=0 arrayPitch=0 depthPitch=0
[ring] allocated slot=0
[one-shot-alias-layout] image=0x300003e140 format=37 modifier=0x0 planes=1 extent=720x1280x1 mips=1 layers=1 samples=0x1 aspect=MEMORY_PLANE_0_BIT_EXT offset=0 size=0 rowPitch=0 arrayPitch=0 depthPitch=0 rowBytes=2880 requirements.size=0 requirements.alignment=0 requirements.typeBits=0x2
[fail] original DRM plane layout outside allocation: -13
