MESA: info: virtgpu backend not enabling VIRTGPU_KUMQUAT_PARAM_CREATE_GUEST_HANDLE
[guest] vkEnumerateInstanceVersion=0 api=1.4.0
[stage] vkCreateInstance
[gpu] Virtio-GPU GFXStream (Mali-G78) api=1.4.0
[guest] external memory: core=extension fd=yes dma-buf=yes
[stage] vkCreateDevice
[one-shot-release-api] selected=khr2 command=vkCmdPipelineBarrier2KHR requested_api=1.3 instance_api=1.4.0 physical_api=1.4.0 VK_KHR_synchronization2=enabled synchronization2=enabled
[probe] UDROID_GFXSTREAM_WSI_SCANOUT=1: WSI scanout + linear DRM modifier + external DMA-BUF
[ring] size=1; release fences are waited only when their slot is reused
[one-shot] one-shot frames=1 release_mode=ownership final_layout=TRANSFER_DST_OPTIMAL ownership=1 hold_env=set
[stage] vkCreateImage(external DMA-BUF)
[stage] vkAllocateMemory(export DMA-BUF)
KUMQUAT_GUEST host-allocation-send resource=4 allocationSize=3686400
KUMQUAT_GUEST host-allocation-return result=0
[stage] vkBindImageMemory
[ring] allocated slot=0
[stage] render and present loop
[one-shot-release] frame=1 mode=ownership api=khr2 command=vkCmdPipelineBarrier2KHR srcStage=TRANSFER(0x1000) srcAccess=TRANSFER_WRITE(0x1000) dstStage=BOTTOM_OF_PIPE(0x2000) dstAccess=NONE(0x0) oldLayout=TRANSFER_DST_OPTIMAL newLayout=TRANSFER_DST_OPTIMAL srcQueue=graphics(0) dstQueue=FOREIGN(4294967293)
[one-shot] presented frame=1 slot=0 mode=ownership release_fd=7
[timing] frames=1 sleep_us=0 wall_fps=152.48 active_ms mean=6.512 p50=6.512 p95=6.512 mode=ownership ownership=1
[hold] keeping the final frame alive for 15 seconds
[one-shot] waiting release fence before destroy mode=ownership ownership=1
[one-shot] retiring slot after release fence wait mode=ownership ownership=1
[pass] one-shot scanout frame presented mode=ownership ownership=1
